max safe coalition fraction p (unprofitable in >= 95% of 150 trials, N=60)

no contagion
  Q   R=0.3  R=0.4  R=0.5  R=0.6  R=0.7
  3    0.02   0.02   0.02   0.02   0.02
  5    0.05   0.06   0.06   0.05   0.05
  7    0.10   0.08   0.09   0.10   0.09

contagion (type 7 / DEP-19 §5), L=1 ledgers/operator
  Q   R=0.3  R=0.4  R=0.5  R=0.6  R=0.7
  3    0.07   0.05   0.05   0.02   0.02
  5    0.22   0.17   0.14   0.11   0.05
  7    0.30   0.27   0.25   0.19   0.14

contagion (type 7 / DEP-19 §5), L=3 ledgers/operator
  Q   R=0.3  R=0.4  R=0.5  R=0.6  R=0.7
  3    0.20   0.15   0.10   0.05   0.04
  5    0.30   0.27   0.24   0.20   0.15
  7    0.35   0.32   0.30   0.25   0.20

contagion (type 7 / DEP-19 §5), L=5 ledgers/operator
  Q   R=0.3  R=0.4  R=0.5  R=0.6  R=0.7
  3    0.24   0.19   0.14   0.10   0.05
  5    0.32   0.29   0.25   0.21   0.17
  7    0.37   0.34   0.30   0.27   0.24
