share of vaults capturable by a zero-day (remote exploit), N=60, L=3, 200 trials
world                            broken                    p=0  p=0.2  p=0.4
80% attested, random seats       1 platform              0.001  0.001  0.009
80% attested, random seats       2 platforms             0.009  0.018  0.036
80% attested, random seats       1 vendor                0.086  0.136  0.194
80% attested, random seats       1 vendor + 1 platform   0.176  0.246  0.307
80% attested, random seats       2 vendors               0.555  0.666  0.752
7 att, <=1/platform, <=3/vendor  1 platform              0.000  0.000  0.000
7 att, <=1/platform, <=3/vendor  2 platforms             0.000  0.000  0.000
7 att, <=1/platform, <=3/vendor  1 vendor                0.000  0.000  0.000
7 att, <=1/platform, <=3/vendor  1 vendor + 1 platform   0.208  0.209  0.224
7 att, <=1/platform, <=3/vendor  2 vendors               1.000  1.000  1.000

loss as share of all deposits = capturable x min(1, f*(1+d+r)); d = 1 window to detect
world, broken (p=0.2)                                       f=1 f=0.1,r=1 f=0.1,r=6 f=0.02,r=1 f=0.02,r=6
80% attested, random seats, 1 platform                    0.001     0.0004     0.0012     0.0001     0.0002
80% attested, random seats, 2 platforms                   0.018     0.0053     0.0140     0.0011     0.0028
80% attested, random seats, 1 vendor                      0.136     0.0407     0.1086     0.0081     0.0217
80% attested, random seats, 1 vendor + 1 platform         0.246     0.0737     0.1966     0.0147     0.0393
80% attested, random seats, 2 vendors                     0.666     0.1998     0.5327     0.0400     0.1065
7 att, <=1/platform, <=3/vendor, 1 platform               0.000     0.0000     0.0000     0.0000     0.0000
7 att, <=1/platform, <=3/vendor, 2 platforms              0.000     0.0000     0.0000     0.0000     0.0000
7 att, <=1/platform, <=3/vendor, 1 vendor                 0.000     0.0000     0.0000     0.0000     0.0000
7 att, <=1/platform, <=3/vendor, 1 vendor + 1 platform    0.209     0.0626     0.1669     0.0125     0.0334
7 att, <=1/platform, <=3/vendor, 2 vendors                1.000     0.3000     0.8000     0.0600     0.1600
